
> Configure project :app
WARNING: The option setting 'android.disallowKotlinSourceSets=false' is experimental.
The current default is 'true'.

> Task :app:preBuild UP-TO-DATE
> Task :app:preDebugBuild UP-TO-DATE
> Task :app:generateDebugBuildConfig UP-TO-DATE
> Task :app:generateDebugResources UP-TO-DATE
> Task :app:packageDebugResources UP-TO-DATE
> Task :app:processDebugNavigationResources UP-TO-DATE
> Task :app:parseDebugLocalResources UP-TO-DATE
> Task :app:generateDebugRFile UP-TO-DATE
> Task :app:kspDebugKotlin UP-TO-DATE

> Task :app:compileDebugKotlin FAILED
.\gradlew : e: file:///C:/FunDevel/DodoChronicle/app/src/main/java/com/bshsqa/dodochronicle/presentation/timeline/Timel
ineViewModel.kt:374:49 Cannot infer type for this parameter. Specify it explicitly.
위치 줄:1 문자:65
+ ... d\Android Studio\jbr"; .\gradlew :app:compileDebugKotlin 2>&1 | Out-F ...
+                            ~~~~~~~~~~~~~~~~~~~~~~~~~~~~~~~~~~~~~~
    + CategoryInfo          : NotSpecified: (e: file:///C:/F... it explicitly.:String) [], RemoteException
    + FullyQualifiedErrorId : NativeCommandError
 
e: file:///C:/FunDevel/DodoChronicle/app/src/main/java/com/bshsqa/dodochronicle/presentation/timeline/TimelineViewModel
.kt:374:64 Argument type mismatch: actual type is 'List<Float>', but 'SerializationStrategy<uninferred T (of fun <T> en
codeToString)>' was expected.
e: file:///C:/FunDevel/DodoChronicle/app/src/main/java/com/bshsqa/dodochronicle/presentation/timeline/TimelineViewModel
.kt:374:64 No value passed for parameter 'value'.

FAILURE: Build failed with an exception.

* What went wrong:
Execution failed for task ':app:compileDebugKotlin'.
> A failure occurred while executing org.jetbrains.kotlin.compilerRunner.GradleCompilerRunnerWithWorkers$GradleKotlinCo
mpilerWorkAction
   > Compilation error. See log for more details

* Try:
> Run with --stacktrace option to get the stack trace.
> Run with --info or --debug option to get more log output.
> Run with --scan to get full insights from a Build Scan (powered by Develocity).
> Get more help at https://help.gradle.org.

BUILD FAILED in 6s
8 actionable tasks: 1 executed, 7 up-to-date
